============================= test session starts =============================
platform win32 -- Python 3.11.9, pytest-9.0.2, pluggy-1.6.0 -- C:\Users\rikar\AppData\Local\Microsoft\WindowsApps\PythonSoftwareFoundation.Python.3.11_qbz5n2kfra8p0\python.exe
cachedir: .pytest_cache
rootdir: E:\Duoc\Gestion_datos_ia\github\Gestion_de_datos_para_ia
plugins: anyio-4.13.0, asyncio-1.3.0
asyncio: mode=Mode.STRICT, debug=False, asyncio_default_fixture_loop_scope=None, asyncio_default_test_loop_scope=function
collecting ... collected 49 items

backend/tests/test_cleaning.py::test_haversine PASSED                    [  2%]
backend/tests/test_cleaning.py::test_haversine_same_point PASSED         [  4%]
backend/tests/test_cleaning.py::test_calculate_age PASSED                [  6%]
backend/tests/test_cleaning.py::test_mask_pii PASSED                     [  8%]
backend/tests/test_cleaning.py::test_mask_cc_num PASSED                  [ 10%]
backend/tests/test_cleaning.py::test_mask_cc_num_short PASSED            [ 12%]
backend/tests/test_cleaning.py::test_risk_levels PASSED                  [ 14%]
backend/tests/test_cleaning.py::test_clean_drops_unnamed PASSED          [ 16%]
backend/tests/test_cleaning.py::test_clean_normalizes_strings PASSED     [ 18%]
backend/tests/test_cleaning.py::test_clean_creates_derived_columns PASSED [ 20%]
backend/tests/test_cleaning.py::test_clean_drops_pii PASSED              [ 22%]
backend/tests/test_cleaning.py::test_clean_output_count PASSED           [ 24%]
backend/tests/test_pipeline_e2e.py::TestIngestion::test_raw_csv_exists PASSED [ 26%]
backend/tests/test_pipeline_e2e.py::TestIngestion::test_ingest_success PASSED [ 28%]
backend/tests/test_pipeline_e2e.py::TestIngestion::test_bronze_parquet_created PASSED [ 30%]
backend/tests/test_pipeline_e2e.py::TestIngestion::test_bronze_csv_created PASSED [ 32%]
backend/tests/test_pipeline_e2e.py::TestIngestion::test_ingestion_metadata_created PASSED [ 34%]
backend/tests/test_pipeline_e2e.py::TestIngestion::test_get_bronze_stats PASSED [ 36%]
backend/tests/test_pipeline_e2e.py::TestIngestion::test_ingest_file_not_found PASSED [ 38%]
backend/tests/test_pipeline_e2e.py::TestCleaning::test_clean_success PASSED [ 40%]
backend/tests/test_pipeline_e2e.py::TestCleaning::test_silver_parquet_created PASSED [ 42%]
backend/tests/test_pipeline_e2e.py::TestCleaning::test_silver_csv_created PASSED [ 44%]
backend/tests/test_pipeline_e2e.py::TestCleaning::test_cleaning_metadata_created PASSED [ 46%]
backend/tests/test_pipeline_e2e.py::TestCleaning::test_derived_columns_exist PASSED [ 48%]
backend/tests/test_pipeline_e2e.py::TestCleaning::test_pii_columns_dropped PASSED [ 51%]
backend/tests/test_pipeline_e2e.py::TestCleaning::test_category_normalized PASSED [ 53%]
backend/tests/test_pipeline_e2e.py::TestCleaning::test_gender_normalized PASSED [ 55%]
backend/tests/test_pipeline_e2e.py::TestCleaning::test_get_silver_stats PASSED [ 57%]
backend/tests/test_pipeline_e2e.py::TestCleaning::test_clean_missing_bronze PASSED [ 59%]
backend/tests/test_pipeline_e2e.py::TestValidation::test_validate_success PASSED [ 61%]
backend/tests/test_pipeline_e2e.py::TestValidation::test_gold_parquet_created PASSED [ 63%]
backend/tests/test_pipeline_e2e.py::TestValidation::test_gold_csv_created PASSED [ 65%]
backend/tests/test_pipeline_e2e.py::TestValidation::test_rejected_parquet_created PASSED [ 67%]
backend/tests/test_pipeline_e2e.py::TestValidation::test_validation_report_created PASSED [ 69%]
backend/tests/test_pipeline_e2e.py::TestValidation::test_gold_has_valid_amt PASSED [ 71%]
backend/tests/test_pipeline_e2e.py::TestValidation::test_gold_has_valid_fraud_flag PASSED [ 73%]
backend/tests/test_pipeline_e2e.py::TestValidation::test_gold_has_valid_gender PASSED [ 75%]
backend/tests/test_pipeline_e2e.py::TestValidation::test_gold_has_valid_category PASSED [ 77%]
backend/tests/test_pipeline_e2e.py::TestValidation::test_gold_unique_trans_num PASSED [ 79%]
backend/tests/test_pipeline_e2e.py::TestValidation::test_get_gold_stats PASSED [ 81%]
backend/tests/test_pipeline_e2e.py::TestValidation::test_validate_missing_silver PASSED [ 83%]
backend/tests/test_pipeline_e2e.py::TestLoaderImports::test_loader_module_imports PASSED [ 85%]
backend/tests/test_pipeline_e2e.py::TestLoaderImports::test_loader_missing_gold PASSED [ 87%]
backend/tests/test_validation.py::test_valid_data_passes PASSED          [ 89%]
backend/tests/test_validation.py::test_negative_amount_rejected PASSED   [ 91%]
backend/tests/test_validation.py::test_invalid_gender_rejected PASSED    [ 93%]
backend/tests/test_validation.py::test_invalid_category_rejected PASSED  [ 95%]
backend/tests/test_validation.py::test_invalid_is_fraud_rejected PASSED  [ 97%]
backend/tests/test_validation.py::test_duplicate_trans_num_rejected PASSED [100%]

============================= 49 passed in 2.43s ==============================
